>>> arr = [1, 2]
>>> obj = enumerate(arr, start=0)
>>> next(obj)
(0, 1)
>>> next(obj)
(1, 2)
>>> next(obj)
Traceback (most recent call last):
 File "<input>", line 1, in <module>
StopIteration 
